// Bun Snapshot v1, https://bun.sh/docs/test/snapshots

exports[`should AIContext parse correctly 1`] = `
{
  "chunks": {
    "community": [],
    "proprietary": [],
  },
  "config": {
    "attachments": false,
    "community_knowledge": true,
    "custom_data": {
      "format": [Function],
    },
    "disclaimer": "Une IA peut se tromper. Vérifier les informations importantes.",
    "display": "PIERRE",
    "enabled": true,
    "examples": [
      "Comment déposer mon préavis de congé ? Et avez-vous un modèle de courrier ?",
      "Enquête SLS, kézako + suis-je concerné ?",
      "Qu'est-ce que l'avance Loca-Pass et comment l'obtenir ?",
      "Comment contacter Grand Dijon Habitat et c'est quoi la SAC Amplitudes ?",
      "Comment déposer une demande de logement social ?",
    ],
    "greetings": [
      "Bonjour !",
      "Bienvenue.",
      "Hello.",
      "Enchanté.",
      "Bonjour, c'est PIERRE.",
      "Hello, je suis PIERRE.",
      "Bienvenue, c'est PIERRE.",
      "Enchanté, c'est PIERRE.",
    ],
    "id": "default",
    "reasoning_effort": "medium",
    "trace": "none",
  },
  "content": "bonjour",
  "conv_id": "22222",
  "conversation": [],
  "custom_data": {
    "raw": [
      "Julie",
      "456.56",
    ],
    "transformed": "Julie a une dette locataire de 456.56 euros.",
  },
  "metadata": {
    "evaluation": {
      "ai": {
        "comment": null,
        "score": null,
      },
      "customer": {
        "comment": null,
        "score": null,
      },
      "organization": {
        "comment": null,
        "score": null,
      },
    },
    "tokens": {
      "completion": null,
      "prompt": null,
      "total": null,
    },
    "topics": null,
    "user": null,
  },
  "query": null,
  "role": "user",
  "timestamp": null,
}
`;
