// Bun Snapshot v1, https://bun.sh/docs/test/snapshots

exports[`should AIContext parse correctly 1`] = `
{
  "chunks": {
    "community": [],
    "proprietary": [],
  },
  "config": {
    "attachments": false,
    "community_knowledge": true,
    "disclaimer": "Vérifier.",
    "display": "PIERRE",
    "enabled": true,
    "examples": [
      "Question",
    ],
    "greetings": [
      "Bonjour",
    ],
    "id": "default",
    "reasoning_effort": "medium",
    "trace": "none",
  },
  "content": "bonjour",
  "conv_id": "22222",
  "conversation": [],
  "custom_data": {
    "raw": [
      "Julie",
      "456.56",
    ],
    "transformed": "",
  },
  "metadata": {
    "evaluation": {
      "ai": {
        "comment": null,
        "score": null,
      },
      "customer": {
        "comment": null,
        "score": null,
      },
      "organization": {
        "comment": null,
        "score": null,
      },
    },
    "tokens": {
      "completion": null,
      "prompt": null,
      "total": null,
    },
    "topics": null,
    "user": null,
  },
  "query": null,
  "role": "user",
  "timestamp": null,
}
`;
