// Bun Snapshot v1, https://bun.sh/docs/test/snapshots

exports[`should AIContext parse correctly 1`] = `
{
  "chunks": {
    "community": [],
    "proprietary": [],
  },
  "config": {
    "api": [
      {
        "format": [Function],
        "key": "WEBHOOK_KEY_1",
        "url": "ex : https://api.ikos.com",
      },
    ],
    "community_knowledge": true,
    "custom_data": {
      "format": [Function],
    },
    "disclaimer": "Une IA peut se tromper. Vérifiez les informations importantes.",
    "display": "PIERRE (défaut)",
    "examples": [
      "Comment déposer mon préavis de congé pour mon logement ? Et avez-vous un modèle de courrier ?",
      "Y-a-t-il des associations d'entraide dans le cadre de violences conjugales dans le Vaucluse ?",
      "Enquête SLS, kézako + suis-je concerné ?",
      "Qu'est-ce que l'avance Loca-Pass et comment savoir si j'y suis éligible ?",
      "Je cherche un logement social dans le Cantal. Comment déposer un dossier et quel est le processus ?",
      "كيفية الاتصال بالمكتب الرئيسي لبلدية Grand Dijon Habitat؟",
    ],
    "greeting": [
      "Bonjour 🖐️,",
      "Je suis PIERRE, une intelligence artificielle open source, personnalisable et plurilingue au service du mouvement HLM, de ses candidats, locataires et collaborateurs.",
      "Ma mission : répondre 24/7/365 à toutes les questions de « premier niveau » des candidats et locataires ou celles (plus complexes) des équipes.",
      "PS. Je n'ai pas connaissance à ce jour des spécificités des bailleurs.",
    ],
    "id": "default",
    "layout": "compact",
    "protected": false,
    "reasoning_display": "off",
    "reasoning_effort": "medium",
    "reasoning_placeholders": [
      "Je réfléchis…",
      "Je creuse la question…",
      "Les rouages tournent…",
      "J'analyse tout ça…",
      "Je pèse les options…",
      "Je tisse les fils…",
      "J'assemble les pièces…",
      "Je cherche la meilleure approche…",
      "Je mets de l'ordre dans tout ça…",
      "Je passe ça au crible…",
      "Je synthétise…",
      "Je retourne le problème dans tous les sens…",
      "Je fouille dans les possibilités…",
      "Je fais le tour de la question…",
      "Ça avance…",
      "Je peaufine la réponse…",
      "Je vérifie mes angles…",
      "Je prends le temps d'y réfléchir…",
      "Je démêle tout ça…",
      "Je mets les idées en ordre…",
    ],
    "show": [
      "default",
      "demo",
      "zmode",
    ],
  },
  "content": "bonjour",
  "conv_id": "22222",
  "conversation": [],
  "custom_data": {
    "raw": [
      "Julie",
      "456.56",
    ],
    "transformed": "Julie a une solde locataire de 456.56 euros",
  },
  "metadata": {
    "evaluation": {
      "ai": {
        "comment": null,
        "score": null,
      },
      "customer": {
        "comment": null,
        "score": null,
      },
      "organization": {
        "comment": null,
        "score": null,
      },
    },
    "tokens": {
      "completion": null,
      "prompt": null,
      "total": null,
    },
    "topics": null,
    "user": null,
  },
  "query": null,
  "role": "user",
  "timestamp": null,
}
`;
