// Bun Snapshot v1, https://goo.gl/fbAQLP

exports[`should AIContext parse correctly 1`] = `
{
  "chunks": {
    "community": [],
    "private": [],
    "public": [],
  },
  "config": {
    "api": [
      {
        "format": [Function],
        "key": "WEBHOOK_KEY_1",
        "url": "ex : https://api.ikos.com",
      },
    ],
    "context": {
      "default": {
        "audience": "The user’s primary focus is on housing, with a particular interest in social housing in France.",
        "disclaimer": "Une IA peut se tromper. Vérifiez les informations importantes.",
        "examples": [
          "Comment déposer mon préavis de congé pour mon logement ? Et avez-vous un modèle de courrier ?",
          "Y-a-t-il des associations d'entraide dans le cadre de violences conjugales dans le Vaucluse ?",
          "Enquête SLS, kézako + suis-je concerné ?",
          "Qu'est-ce que l'avance Loca-Pass et comment savoir si j'y suis éligible ?",
          "Je cherche un logement social dans le Cantal. Comment déposer un dossier et quel est le processus ?",
          "كيفية الاتصال بالمكتب الرئيسي لبلدية Grand Dijon Habitat؟",
        ],
        "greeting": [
          "Bonjour 🖐️,",
          "Je suis PIERRE, une IA open source, personnalisable, multicanale et plurilingue au service du mouvement HLM, de ses candidats, locataires et collaborateurs.",
          "Ma mission : répondre 24/7/365, sur le Web ou par SMS, à toutes les questions de « premier niveau » pour transfigurer l'expérience-client, ou des questions plus complexe pour améliorer l'expérience-collaborateur.",
          "Comment puis-je vous aider ?",
          "――――",
          "Pour rappel, je n'ai pas connaissance à ce jour des spécificités des bailleurs.",
        ],
        "knowledge": {
          "community": true,
          "proprietary": {
            "private": false,
            "public": false,
          },
        },
        "models": {
          "answer_with": "openai('gpt-4o-mini-2024-07-18')",
          "augment_with": "openai('gpt-4o-mini-2024-07-18')",
          "embed_with": "text-embedding-3-large",
          "rerank_with": "openai('gpt-4o-mini-2024-07-18')",
        },
        "persona": "You’re PIERRE, an open-source, multilingual, and multichannel AI created to assist social housing candidates, tenants and employees with their everyday questions. Your source code is accessible to all at https://www.pierre-ia.org, and a quick overview of PIERRE's capabilities can be found at https://charnould.github.io/pierre/assets/PIERRE-Présentation.pdf.",
        "phone": "0033939070074",
        "protected": false,
      },
      "no_rag": {
        "audience": "",
        "disclaimer": "Une IA peut halluciner. Vérifier les informations importantes.",
        "examples": [
          "Établis un plan de communication interne pour le projet GUSTAVE : une IA au service des agents et cadres d'astreinte de Pierre Habitat",
          "Rédige un résumé en 4-5 bullets points sur les enjeux-logements de la ville de Paris",
        ],
        "greeting": [
          "Bonjour 🖐️,",
          "Je suis PIERRE, une IA open source, personnalisable, multicanale et plurilingue au service du mouvement HLM, de ses candidats, locataires et collaborateurs.",
          "Comment puis-je vous aider aujourd'hui ?",
          "――――",
          "Pour information, je ne puise ici dans aucune base de connaissances, je suis donc un quasi-clone de ChatGPT, Claude ou autres. Ceci explique ma vitesse de réponse.",
        ],
        "knowledge": {
          "community": false,
          "proprietary": {
            "private": false,
            "public": false,
          },
        },
        "models": {
          "answer_with": "openai('gpt-4o-2024-11-20')",
          "augment_with": "openai('gpt-4o-mini-2024-07-18')",
          "embed_with": "text-embedding-3-large",
          "rerank_with": "openai('gpt-4o-mini-2024-07-18')",
        },
        "persona": "",
        "phone": null,
        "protected": true,
      },
      "team": {
        "audience": "The user is an employee of Pierre Habitat, a fictional social housing company operating in France.",
        "disclaimer": "Les données retournées par l'IA sont ici strictement fictives.",
        "examples": [
          "Qui est d'astreinte la semaine du 25 février prochain ?",
          "Quelle est la procédure si un locataire est bloqué dans un ascenseur ?",
          "Qui est le prestataire ascenseur de la résidence Becquerel ?",
          "Un locataire me demande comment régler un problème de voisinnage, rédige moi un email.",
          "Quels impacts du PACS lorsqu'un locataire veut rompre son contrat de bail ?",
        ],
        "greeting": [
          "Bonjour 🖐️,",
          "Je suis PIERRE, l'assistant des collaborateurs de Pierre Habitat, un bailleur social fictif.",
          "Ma mission : donner à voir comment une IA peut aider les collaborateurs des bailleurs sociaux au quotidien.",
          "Choisissez un exemple ci-dessous.",
          "――――",
          "Pour info., je peux apprendre en quelques secondes tout ce qu'il a à savoir de vos fichiers Word et Excel.",
        ],
        "knowledge": {
          "community": true,
          "proprietary": {
            "private": true,
            "public": true,
          },
        },
        "models": {
          "answer_with": "openai('gpt-4o-mini-2024-07-18')",
          "augment_with": "openai('gpt-4o-mini-2024-07-18')",
          "embed_with": "text-embedding-3-large",
          "rerank_with": "openai('gpt-4o-mini-2024-07-18')",
        },
        "persona": "You are PIERRE, the ultimate AI assistant, expertly designed to support all collaborators at Pierre Habitat (a fictional social housing company operating around Dijon, France) in their day-to-day tasks. With an extensive knowledge of social housing, regulations, and internal processes, you’re here to streamline workflows, provide accurate information, and deliver efficient solutions. Always up-to-date and fully aligned with the company’s values, GUSTAVE is the dependable, knowledgeable coworker that everyone can rely on.",
        "phone": null,
        "protected": false,
      },
    },
    "custom_data": {
      "format": [Function],
    },
    "id": "pierre-ia.org",
  },
  "content": "bonjour",
  "conv_id": "22222",
  "conversation": [],
  "current_context": "en_agence",
  "custom_data": {
    "raw": [
      "Julie",
      "456.56",
    ],
    "transformed": "Julie a une solde locataire de 456.56 euros",
  },
  "metadata": {
    "evaluation": {
      "ai": {
        "comment": null,
        "score": null,
      },
      "customer": {
        "comment": null,
        "score": null,
      },
      "organization": {
        "comment": null,
        "score": null,
      },
    },
    "tokens": {
      "completion": null,
      "prompt": null,
      "total": null,
    },
    "topics": null,
  },
  "query": null,
  "role": "user",
  "timestamp": null,
}
`;
