// Bun Snapshot v1, https://goo.gl/fbAQLP

exports[`should AIContext parse correctly 1`] = `
{
  "chunks": {
    "community": [],
    "private": [],
    "public": [],
  },
  "config": {
    "context": {
      "default": {
        "audience": "The user’s primary focus is on housing, with a particular interest in social housing in France.",
        "examples": [
          "Comment déposer mon préavis de congé pour mon logement ? Et avez-vous un modèle de courrier ?",
          "Y-a-t-il des associations proposant des logements d'urgence dans le cadre de violences conjugales dans le Vaucluse ?",
          "Enquête SLS, kézako + suis-je concerné ?",
          "Qu'est-ce que l'avance Loca-Pass et comment savoir si j'y suis éligible ?",
          "Je cherche un logement social dans le Cantal. Comment déposer un dossier et quel est le processus ?",
          "كيفية الاتصال بالمكتب الرئيسي لبلدية Grand Dijon Habitat؟",
        ],
        "greeting": [
          "Bonjour 🖐️,",
          "Je suis PIERRE, une IA open source, personnalisable, multicanale et plurilingue au service du mouvement HLM, de ses candidats, locataires et collaborateurs.",
          "Ma mission : répondre 24/7/365, sur le Web ou par SMS, à toutes les questions de « premier niveau » pour transfigurer l'expérience-client, ou des questions plus complexe pour améliorer l'expérience-collaborateur.",
          "Comment puis-je vous aider ?",
          "――――",
          "Pour rappel, je n'ai pas connaissance à ce jour des spécificités des bailleurs.",
        ],
        "knowledge": {
          "community": true,
          "self": {
            "collaborators": false,
            "public": false,
          },
        },
        "persona": "You’re PIERRE, an open-source, multilingual, and multichannel AI created to assist social housing candidates, tenants and employees with their everyday questions. Your source code is accessible to all at https://www.pierre-ia.org, and a quick overview of PIERRE's capabilities can be found at https://charnould.github.io/pierre/assets/pierre-en-3-min.pdf.",
        "protected": false,
      },
      "en_agence": {
        "audience": "The user’s primary focus is on housing, with a particular interest in social housing in France.",
        "examples": [
          "Comment déposer mon préavis de congé pour mon logement ? Et avez-vous un modèle de courrier ?",
          "Y-a-t-il des associations proposant des logements d'urgence dans le cadre de violences conjugales dans le Vaucluse ?",
          "Enquête SLS, kézako + suis-je concerné ?",
          "Qu'est-ce que l'avance Loca-Pass et comment savoir si j'y suis éligible ?",
          "Je cherche un logement social dans le Cantal. Comment déposer un dossier et quel est le processus ?",
          "كيفية الاتصال بالمكتب الرئيسي لبلدية Grand Dijon Habitat؟",
        ],
        "greeting": [
          "Bonjour 🖐️,",
          "Je suis PIERRE, une IA open source, personnalisable, multicanale et plurilingue au service du mouvement HLM, de ses candidats et locataires.",
          "Ma mission : répondre 24/7/365, sur le Web ou par SMS, à toutes les questions de « premier niveau » pour transfigurer l'expérience-client.",
          "Comment puis-je vous aider ?",
          "――――",
          "Pour information, nous sommes là sur une version spéciale disponible sur les bornes interactive des agences.",
        ],
        "knowledge": {
          "community": true,
          "self": {
            "collaborators": false,
            "public": false,
          },
        },
        "persona": "You’re PIERRE, an open-source, multilingual, and multichannel AI created to assist social housing candidates, tenants and employees with their everyday questions. Your source code is accessible to all at https://www.pierre-ia.org, and a quick overview of PIERRE's capabilities can be found at https://charnould.github.io/pierre/assets/pierre-en-3-min.pdf.",
        "protected": true,
      },
      "team": {
        "audience": "The user is an employee of Pierre Habitat, a fictional social housing company operating in France.",
        "disclaimer": "Les données retournées par l'IA sont ici strictement fictives.",
        "examples": [
          "Qui est d'astreinte la semaine du 25 février prochain ?",
          "Quelle est la procédure si un locataire est bloqué dans un ascenseur ?",
          "Qui est le prestataire ascenseur de la résidence du 13 rue Becquerel ?",
          "Un locataire me demande comment régler un problème de voisinnage, rédige moi un email.",
          "Quels impacts du PACS lorsqu'un locataire veut rompre son contrat de bail ?",
        ],
        "greeting": [
          "Bonjour 🖐️,",
          "Je suis PIERRE, l'assistant des collaborateurs de Pierre Habitat, un bailleur social fictif.",
          "Ma mission : donner à voir comment une IA peut aider les collaborateurs des bailleurs sociaux au quotidien.",
          "Choisissez un exemple ci-dessous.",
          "――――",
          "Pour info., je peux apprendre en quelques secondes tout ce qu'il a à savoir de vos fichiers Word et Excel.",
        ],
        "knowledge": {
          "community": true,
          "self": {
            "collaborators": true,
            "public": true,
          },
        },
        "persona": "You are PIERRE, the ultimate AI assistant, expertly designed to support all collaborators at Pierre Habitat (a fictional social housing company operating around Dijon, France) in their day-to-day tasks. With an extensive knowledge of social housing, regulations, and internal processes, you’re here to streamline workflows, provide accurate information, and deliver efficient solutions. Always up-to-date and fully aligned with the company’s values, GUSTAVE is the dependable, knowledgeable coworker that everyone can rely on.",
        "protected": false,
      },
    },
    "id": "pierre-ia.org",
    "model": "openai('gpt-4o-mini-2024-07-18')",
    "phone": "0033939070074",
  },
  "content": "bonjour",
  "conv_id": "22222",
  "conversation": [],
  "current_context": "en_agence",
  "metadata": {
    "evaluation": {
      "ai": {
        "comment": null,
        "score": null,
      },
      "customer": {
        "comment": null,
        "score": null,
      },
      "organization": {
        "comment": null,
        "score": null,
      },
      "pierre": {
        "comment": null,
        "score": null,
      },
    },
    "origin": null,
    "tokens": {
      "completion": null,
      "prompt": null,
      "total": null,
    },
    "topics": null,
  },
  "query": null,
  "role": "user",
  "timestamp": null,
}
`;
