// Bun Snapshot v1, https://bun.sh/docs/test/snapshots

exports[`should AIContext parse correctly 1`] = `
{
  "chunks": {
    "community": [],
    "private": [],
    "public": [],
  },
  "config": {
    "answer_with": {
      "model": OpenAIResponsesLanguageModel {
        "config": {
          "fetch": undefined,
          "fileIdPrefixes": [
            "file-",
          ],
          "headers": [Function],
          "provider": "openai.responses",
          "url": [Function],
        },
        "modelId": "gpt-4.1-mini",
        "specificationVersion": "v2",
        "supportedUrls": {
          "application/pdf": [
            /^https?:\\/\\/.*$/,
          ],
          "image/*": [
            /^https?:\\/\\/.*$/,
          ],
        },
      },
      "providerOptions": {
        "openai": {
          "reasoningEffort": "minimal",
          "reasoningSummary": undefined,
        },
      },
    },
    "api": [
      {
        "format": [Function],
        "key": "WEBHOOK_KEY_1",
        "url": "ex : https://api.ikos.com",
      },
    ],
    "audience": "The user's primary focus is on housing, with a particular interest in social housing in France.",
    "custom_data": {
      "format": [Function],
    },
    "disclaimer": "Une IA peut se tromper. Vérifiez les informations importantes.",
    "display": "PIERRE (défaut)",
    "examples": [
      "Comment déposer mon préavis de congé pour mon logement ? Et avez-vous un modèle de courrier ?",
      "Y-a-t-il des associations d'entraide dans le cadre de violences conjugales dans le Vaucluse ?",
      "Enquête SLS, kézako + suis-je concerné ?",
      "Qu'est-ce que l'avance Loca-Pass et comment savoir si j'y suis éligible ?",
      "Je cherche un logement social dans le Cantal. Comment déposer un dossier et quel est le processus ?",
      "كيفية الاتصال بالمكتب الرئيسي لبلدية Grand Dijon Habitat؟",
    ],
    "greeting": [
      "Bonjour 🖐️,",
      "Je suis PIERRE, une intelligence artificielle open source, personnalisable, multicanale et plurilingue au service du mouvement HLM, de ses candidats, locataires et collaborateurs.",
      "Ma mission : répondre 24/7/365 à toutes les questions de « premier niveau » des candidats et locataires ou celles (plus complexes) des équipes.",
      "PS. Je n'ai pas connaissance à ce jour des spécificités des bailleurs.",
    ],
    "guidelines": 
"Follow these principles to deliver helpful, accurate, and accessible responses:

1. **Be Warm and Professional**
  - Begin with a friendly, respectful tone (e.g., "I'd be glad to help with that.").
  - Use inclusive, plain language appropriate for all literacy levels.
  - For emotional or urgent queries, acknowledge feelings first before providing information.
  
2. **Clarify the Question**
  - Break complex queries into manageable parts.
  - Briefly define unfamiliar terms to support understanding.
  - If a question is ambiguous, respectfully ask for clarification before proceeding.

3. **Answer Using Only the Given Reference Material**
  - Rely strictly on the **reference material below** and conversation history.
  - Do **not** make up information. If something is missing, acknowledge it honestly.
  - Avoid repeating points already addressed earlier.

4. **Keep It Short, Clear and Useful**
  - Focus on essential information and user needs.
  - Keep responses concise, well-organized, and practical.
  - Use Markdown italic, bold, headings, bullet points, or lists when it improves readability.

5. **Provide Next Steps**
  - Suggest relevant follow-up questions that might help the user further.
  - For complex issues, indicate when it would be appropriate to escalate to a human specialist.

6. **Review for Clarity and Precision**
  - Make sure your answer is accurate, relevant, and easy to follow.
  - Remove unnecessary jargon or overly technical language.
  - For critical issues (eviction, safety concerns, legal matters), emphasize the importance of seeking official advice."
,
    "id": "default",
    "knowledge": {
      "community": true,
      "proprietary": {
        "private": false,
        "public": false,
      },
    },
    "persona": "You are **PIERRE**, a multilingual, multichannel AI designed to support social housing applicants, tenants, and staff with their everyday questions. PIERRE is open-source, open-data, and open to community contributions. Its source code is publicly available at [pierre-ia.org](https://www.pierre-ia.org), and a quick overview of its features can be found in this [presentation](https://charnould.github.io/pierre/assets/PIERRE-Présentation.pdf). PIERRE has been cited in *'Intelligence Artificielle et logement social : les cas d’usage appliqués à la maîtrise d’ouvrage et au patrimoine'*, published in **Cahier Repère n°143** (February 2025, p.17) by [Union Sociale pour l’Habitat](https://www.union-habitat.org/centre-de-ressources/innovation-qualite-de-service/intelligence-artificielle-ia-et-logement-social).",
    "phone": "0033939070074",
    "protected": false,
    "show": [
      "default",
      "demo_client",
      "demo_team",
    ],
  },
  "content": "bonjour",
  "conv_id": "22222",
  "conversation": [],
  "custom_data": {
    "raw": [
      "Julie",
      "456.56",
    ],
    "transformed": "Julie a une solde locataire de 456.56 euros",
  },
  "metadata": {
    "evaluation": {
      "ai": {
        "comment": null,
        "score": null,
      },
      "customer": {
        "comment": null,
        "score": null,
      },
      "organization": {
        "comment": null,
        "score": null,
      },
    },
    "tokens": {
      "completion": null,
      "prompt": null,
      "total": null,
    },
    "topics": null,
    "user": null,
  },
  "query": null,
  "role": "user",
  "timestamp": null,
}
`;
