// Bun Snapshot v1, https://bun.sh/docs/test/snapshots

exports[`should flatten chunks 1 1`] = `
[
  {
    "chunk_hash": "hash_a",
    "chunk_text": "text_a",
    "distance": 0.01,
    "entity_hash": "none",
    "source": "community",
  },
  {
    "chunk_hash": "hash_f",
    "chunk_text": "text_f",
    "distance": 0.01,
    "entity_hash": "none",
    "source": "community",
  },
  {
    "chunk_hash": "hash_b",
    "chunk_text": "text_b",
    "distance": 0.02,
    "entity_hash": "none",
    "source": "community",
  },
  {
    "chunk_hash": "hash_e",
    "chunk_text": "text_e",
    "distance": 0.02,
    "entity_hash": "none",
    "source": "community",
  },
  {
    "chunk_hash": "hash_c",
    "chunk_text": "text_c",
    "distance": 0.03,
    "entity_hash": "none",
    "source": "community",
  },
  {
    "chunk_hash": "hash_d",
    "chunk_text": "text_d",
    "distance": 0.03,
    "entity_hash": "none",
    "source": "community",
  },
  {
    "chunk_hash": "hash_1",
    "chunk_text": "text_1",
    "distance": 0.01,
    "entity_hash": "entity_1",
    "source": "proprietary",
  },
  {
    "chunk_hash": "hash_7",
    "chunk_text": "text_7",
    "distance": 0.01,
    "entity_hash": "entity_6",
    "source": "proprietary",
  },
  {
    "chunk_hash": "hash_2",
    "chunk_text": "text_2",
    "distance": 0.02,
    "entity_hash": "entity_1",
    "source": "proprietary",
  },
  {
    "chunk_hash": "hash_8",
    "chunk_text": "text_8",
    "distance": 0.02,
    "entity_hash": "entity_6",
    "source": "proprietary",
  },
  {
    "chunk_hash": "hash_3",
    "chunk_text": "text_3",
    "distance": 0.03,
    "entity_hash": "entity_2",
    "source": "proprietary",
  },
  {
    "chunk_hash": "hash_9",
    "chunk_text": "text_9",
    "distance": 0.03,
    "entity_hash": "entity_6",
    "source": "proprietary",
  },
]
`;
