// Bun Snapshot v1, https://goo.gl/fbAQLP

exports[`should bm25 search works 1`] = `
[
  {
    "chunk_hash": "N4XkelGKlbd4eSneeYqHfjVQTM4FagH3drMeOgLQ4",
    "chunk_text": 
"Ci-après les caractéristiques techniques d'un programme immobilier de Pierre Habitat : 
- programme : Becquerel
- adresse : 13 rue Henri Becquerel, Nantes
- nombre de logements : 30
- type : Copropriété
- niveau : R+3
- ascenseur : Otis
- prestataire plomberie : Plombier Malraux
- mode de chauffage : Collectif par chaudière
- chargé de proximité : ezola@pierre-habitat.fr
- gardien : hgranger@pierre-habitat.fr"
,
    "distance": -9.588962841869133,
    "entity_hash": "I_jHDMXXODFHNWOeGQOlF3kQ3xjbe4zRLOJD9in1Neg",
  },
  {
    "chunk_hash": "RZhpP6hUa5RTA6XwFPXw5WfspcuZefwIuXsN4y3XP6c",
    "chunk_text": 
"Ci-après les caractéristiques techniques d'un programme immobilier de Pierre Habitat : 
- programme : Becquerel
- adresse : 13 rue Henri Becquerel, Nantes
- nombre de logements : 40
- type : Copropriété
- niveau : RDC
- ascenseur : Sito
- prestataire plomberie : Plombier Malraux
- mode de chauffage : Collectif par chaudière
- chargé de proximité : ezola@pierre-habitat.fr
- gardien : hgranger@pierre-habitat.fr"
,
    "distance": -9.588962841869133,
    "entity_hash": "I_jHDMXXODFHNWOeGQOlF3kQ3xjbe4zRLOJD9in1Neg",
  },
]
`;
